// Jest Snapshot v1, https://goo.gl/fbAQLP

exports[`<ColorPickerInput /> renders and matches the snapshot 1`] = `
.c3 {
  padding-inline-start: 16px;
  padding-inline-end: 16px;
  border-radius: 4px;
  cursor: pointer;
}

.c0 {
  gap: 4px;
  align-items: stretch;
  flex-direction: column;
  display: flex;
}

.c4 {
  gap: 8px;
  align-items: center;
  justify-content: center;
  flex-direction: row;
  display: inline-flex;
}

.c8 {
  align-items: center;
  flex-direction: row;
  display: flex;
}

.c1 {
  font-size: 1.2rem;
  line-height: 1.33;
  display: block;
  white-space: nowrap;
  overflow: hidden;
  text-overflow: ellipsis;
  color: #32324d;
  font-weight: 600;
}

.c7 {
  font-size: 1.4rem;
  line-height: 1.43;
  color: currentcolor;
  font-weight: 600;
}

.c10 {
  font-size: 1.4rem;
  line-height: 1.43;
  color: #666687;
}

.c11 {
  border: 0;
  clip: rect(0 0 0 0);
  height: 1px;
  margin: -1px;
  overflow: hidden;
  padding: 0;
  position: absolute;
  width: 1px;
}

.c5 {
  height: 4rem;
  text-decoration: none;
  border: 1px solid #dcdce4;
  background: #ffffff;
  color: #32324d;
}

.c5:hover {
  background-color: #f6f6f9;
}

.c5:active {
  background-color: #eaeaef;
}

.c5[aria-disabled='true'] {
  border: 1px solid #dcdce4;
  background: #eaeaef;
  color: #666687;
  cursor: default;
}

.c2 {
  display: flex;
}

.c9 {
  border-radius: 50%;
  width: 20px;
  height: 20px;
  margin-right: 10px;
  background-color: #000000;
  border: 1px solid rgba(0, 0, 0, 0.1);
}

.c6>span {
  display: flex;
  justify-content: space-between;
  align-items: center;
  width: 100%;
}

.c6 svg {
  width: 8px;
  height: 8px;
}

.c6 svg>path {
  fill: #8e8ea9;
  justify-self: flex-end;
}

@media (prefers-reduced-motion: no-preference) {
  .c5 {
    transition: background-color 120ms cubic-bezier(0.25, 0.46, 0.45, 0.94),color 120ms cubic-bezier(0.25, 0.46, 0.45, 0.94),border-color 200ms cubic-bezier(0.25, 0.46, 0.45, 0.94);
  }
}

<div>
  <form
    class=""
    method="POST"
    novalidate=""
  >
    <div
      class="c0"
    >
      <div
        class="c0"
      >
        <label
          class="c1 c2"
          for="color"
          id="color-label"
        >
          color-picker
        </label>
        <button
          aria-controls="color-picker-value"
          aria-disabled="false"
          aria-expanded="false"
          aria-haspopup="dialog"
          aria-label="Color picker toggle"
          class="c3 c4 c5 c6"
          data-state="closed"
          type="button"
        >
          <span
            class="c7"
          >
            <div
              class="c8"
            >
              <div
                class="c9"
                color="#000000"
              />
              <span
                class="c10"
                style="text-transform: uppercase;"
              >
                #000000
              </span>
            </div>
            <svg
              aria-hidden="true"
              fill="currentColor"
              height="16"
              viewBox="0 0 32 32"
              width="16"
              xmlns="http://www.w3.org/2000/svg"
            >
              <path
                d="m26.708 12.708-10 10a1 1 0 0 1-1.415 0l-10-10A1 1 0 0 1 6 11h20a1 1 0 0 1 .707 1.707"
              />
            </svg>
          </span>
        </button>
      </div>
    </div>
  </form>
  <span
    class="c11"
  >
    <p
      aria-live="polite"
      aria-relevant="all"
      id="live-region-log"
      role="log"
    />
    <p
      aria-live="polite"
      aria-relevant="all"
      id="live-region-status"
      role="status"
    />
    <p
      aria-live="assertive"
      aria-relevant="all"
      id="live-region-alert"
      role="alert"
    />
  </span>
</div>
`;
