// Jest Snapshot v1, https://goo.gl/fbAQLP

exports[`RemoveAssetDialog snapshots the component 1`] = `
.c0 {
  margin-inline-start: -250px;
  top: 4.6rem;
  left: 50%;
  width: 50rem;
  z-index: 700;
  position: fixed;
}

.c5 {
  padding-block-start: 24px;
  padding-inline-end: 24px;
  padding-block-end: 24px;
  padding-inline-start: 24px;
}

.c8 {
  padding-block-start: 40px;
  padding-block-end: 40px;
  padding-inline-start: 24px;
  padding-inline-end: 24px;
}

.c12 {
  padding-block-start: 16px;
  padding-inline-end: 16px;
  padding-block-end: 16px;
  padding-inline-start: 16px;
}

.c15 {
  padding-inline-start: 16px;
  padding-inline-end: 16px;
  width: 100%;
  border-radius: 4px;
  cursor: pointer;
}

.c1 {
  gap: 8px;
  align-items: stretch;
  flex-direction: column;
  display: flex;
}

.c9 {
  gap: 8px;
  align-items: center;
  flex-direction: column;
  display: flex;
}

.c13 {
  gap: 8px;
  align-items: center;
  justify-content: space-between;
  flex-direction: row;
  display: flex;
}

.c16 {
  gap: 8px;
  align-items: center;
  justify-content: center;
  flex-direction: row;
  display: inline-flex;
}

.c6 {
  font-weight: 600;
  font-size: 1.8rem;
  line-height: 1.22;
  color: currentcolor;
  font-weight: 600;
}

.c11 {
  font-size: 1.4rem;
  line-height: 1.43;
  color: currentcolor;
}

.c18 {
  font-size: 1.2rem;
  line-height: 1.33;
  color: currentcolor;
  font-weight: 600;
}

.c2 {
  border: 0;
  clip: rect(0 0 0 0);
  height: 1px;
  margin: -1px;
  overflow: hidden;
  padding: 0;
  position: absolute;
  width: 1px;
}

.c17 {
  height: 3.2rem;
  text-decoration: none;
  border: 1px solid #dcdce4;
  background: #ffffff;
  color: #32324d;
}

.c17:hover {
  background-color: #f6f6f9;
}

.c17:active {
  background-color: #eaeaef;
}

.c17[aria-disabled='true'] {
  border: 1px solid #dcdce4;
  background: #eaeaef;
  color: #666687;
  cursor: default;
}

.c19 {
  height: 3.2rem;
  text-decoration: none;
  border: 1px solid #f5c0b8;
  background: #fcecea;
  color: #b72b1a;
}

.c19:hover {
  background-color: #ffffff;
}

.c19:active {
  background-color: #ffffff;
  border: 1px solid #d02b20;
  color: #d02b20;
}

.c19[aria-disabled='true'] {
  border: 1px solid #dcdce4;
  background: #eaeaef;
  color: #666687;
  cursor: default;
}

.c3 {
  background: #32324d33;
  position: fixed;
  inset: 0;
  z-index: 300;
  will-change: opacity;
}

.c4 {
  max-width: 42rem;
  height: min-content;
  width: 100%;
  overflow: hidden;
  margin: 0 auto;
  display: flex;
  flex-direction: column;
  position: fixed;
  top: 50%;
  left: 50%;
  transform: translate(-50%, -50%);
  border-radius: 4px;
  background-color: #ffffff;
  box-shadow: 0px 2px 15px rgba(33, 33, 52, 0.1);
  z-index: 310;
}

.c7 {
  display: flex;
  justify-content: center;
  border-bottom: solid 1px #eaeaef;
}

.c14 {
  border-top: solid 1px #eaeaef;
  flex: 1;
}

.c10 {
  width: 24px;
  height: 24px;
}

.c10 path {
  fill: #d02b20;
}

@media (prefers-reduced-motion: no-preference) {
  .c17 {
    transition: background-color 120ms cubic-bezier(0.25, 0.46, 0.45, 0.94),color 120ms cubic-bezier(0.25, 0.46, 0.45, 0.94),border-color 200ms cubic-bezier(0.25, 0.46, 0.45, 0.94);
  }
}

@media (prefers-reduced-motion: no-preference) {
  .c19 {
    transition: background-color 120ms cubic-bezier(0.25, 0.46, 0.45, 0.94),color 120ms cubic-bezier(0.25, 0.46, 0.45, 0.94),border-color 200ms cubic-bezier(0.25, 0.46, 0.45, 0.94);
  }
}

@media (prefers-reduced-motion: no-preference) {
  .c3 {
    animation: ececrQ 200ms cubic-bezier(.4,0,.2,1);
  }
}

@media (prefers-reduced-motion: no-preference) {
  .c4[data-state='open'] {
    animation-duration: 200ms;
    animation-timing-function: cubic-bezier(.4,0,.2,1);
    animation-name: iWCnzW;
  }

  .c4[data-state='closed'] {
    animation-duration: 120ms;
    animation-timing-function: cubic-bezier(0.25, 0.46, 0.45, 0.94);
    animation-name: jgufbq;
  }
}

<body
  data-scroll-locked="1"
  style="pointer-events: none;"
>
  <span
    aria-hidden="true"
    data-aria-hidden="true"
    data-radix-focus-guard=""
    style="outline: none; opacity: 0; position: fixed; pointer-events: none;"
    tabindex="0"
  />
  <div>
    <div
      aria-hidden="true"
      class="c0 c1"
      data-aria-hidden="true"
    />
    <span
      class="c2"
    >
      <p
        aria-live="polite"
        aria-relevant="all"
        id="live-region-log"
        role="log"
      />
      <p
        aria-live="polite"
        aria-relevant="all"
        id="live-region-status"
        role="status"
      />
      <p
        aria-live="assertive"
        aria-relevant="all"
        id="live-region-alert"
        role="alert"
      />
    </span>
  </div>
  <div
    class="c3"
    data-state="open"
    style="pointer-events: auto;"
  >
    <div
      aria-describedby="radix-:r2:"
      aria-labelledby="radix-:r1:"
      class="c4"
      data-state="open"
      id="radix-:r0:"
      role="alertdialog"
      style="pointer-events: auto;"
      tabindex="-1"
    >
      <h2
        class="c5 c6 c7"
        id="radix-:r1:"
      >
        Confirmation
      </h2>
      <div
        class="c8 c9"
      >
        <svg
          class="c10"
          fill="currentColor"
          height="24"
          viewBox="0 0 32 32"
          width="24"
          xmlns="http://www.w3.org/2000/svg"
        >
          <path
            d="M16 3a13 13 0 1 0 13 13A13.013 13.013 0 0 0 16 3m-1 7a1 1 0 0 1 2 0v7a1 1 0 0 1-2 0zm1 13a1.5 1.5 0 1 1 0-3 1.5 1.5 0 0 1 0 3"
          />
        </svg>
        <p
          class="c11"
          id="radix-:r2:"
        >
          Are you sure?
        </p>
      </div>
      <footer
        class="c12 c13 c14"
      >
        <button
          aria-disabled="false"
          class="c15 c16 c17"
          type="button"
        >
          <span
            class="c18"
          >
            Cancel
          </span>
        </button>
        <button
          aria-disabled="false"
          class="c15 c16 c19"
          type="button"
        >
          <span
            class="c18"
          >
            Confirm
          </span>
        </button>
      </footer>
    </div>
  </div>
  <span
    aria-hidden="true"
    data-aria-hidden="true"
    data-radix-focus-guard=""
    style="outline: none; opacity: 0; position: fixed; pointer-events: none;"
    tabindex="0"
  />
</body>
`;
