// Jest Snapshot v1, https://goo.gl/fbAQLP

exports[`DocAssetCard snapshots the component 1`] = `
.c0 {
  height: 100%;
  background: #ffffff;
  border-radius: 4px;
  border-style: solid;
  border-width: 1px;
  border-color: #eaeaef;
  box-shadow: 0px 1px 4px rgba(33, 33, 52, 0.1);
}

.c2 {
  position: relative;
}

.c12 {
  border-radius: 4px;
  display: inline-flex;
  cursor: pointer;
}

.c15 {
  width: 100%;
  height: 8.8rem;
}

.c19 {
  padding-block-start: 8px;
  padding-block-end: 8px;
  padding-inline-start: 12px;
  padding-inline-end: 12px;
}

.c22 {
  padding-block-start: 4px;
}

.c27 {
  padding-block-start: 4px;
  flex-grow: 1;
}

.c30 {
  padding-inline-start: 8px;
  padding-inline-end: 8px;
  min-width: 20px;
  background: #eaeaef;
}

.c3 {
  align-items: center;
  justify-content: center;
  flex-direction: row;
  display: flex;
}

.c5 {
  gap: 8px;
  align-items: center;
  flex-direction: row;
  display: flex;
}

.c17 {
  gap: 8px;
  align-items: center;
  flex-direction: column;
  display: flex;
}

.c20 {
  align-items: flex-start;
  flex-direction: row;
  display: flex;
}

.c28 {
  align-items: center;
  flex-direction: row;
  display: flex;
}

.c31 {
  align-items: center;
  justify-content: center;
  flex-direction: row;
  display: inline-flex;
}

.c18 {
  font-size: 1.2rem;
  line-height: 1.33;
  color: #8e8ea9;
}

.c23 {
  font-size: 1.4rem;
  line-height: 1.43;
  color: currentcolor;
}

.c24 {
  font-size: 1.2rem;
  line-height: 1.33;
  color: #32324d;
  font-weight: 600;
}

.c25 {
  font-size: 1.2rem;
  line-height: 1.33;
  color: #666687;
}

.c34 {
  font-weight: 600;
  font-size: 1.1rem;
  line-height: 1.45;
  text-transform: uppercase;
  color: #666687;
  line-height: 1rem;
}

.c14 {
  border: 0;
  clip: rect(0 0 0 0);
  height: 1px;
  margin: -1px;
  overflow: hidden;
  padding: 0;
  position: absolute;
  width: 1px;
}

.c32 {
  border-radius: 4px;
  padding-block: 0.7rem;
}

.c13 {
  text-decoration: none;
  padding-block: 0.7rem;
  padding-inline: 0.7rem;
  border: 1px solid #dcdce4;
  background: #ffffff;
  color: #32324d;
  color: #8e8ea9;
}

.c13:hover {
  background-color: #f6f6f9;
  color: #666687;
}

.c13:active {
  background-color: #eaeaef;
}

.c13[aria-disabled='true'] {
  border: 1px solid #dcdce4;
  background: #eaeaef;
  color: #666687;
  cursor: default;
}

.c6 {
  position: absolute;
  top: 12px;
  left: 12px;
}

.c9 {
  position: absolute;
  top: 12px;
  right: 12px;
}

.c29 {
  margin-left: auto;
  flex-shrink: 0;
}

.c33 {
  margin-left: 4px;
}

.c7 {
  background: #ffffff;
  width: 2rem;
  height: 2rem;
  border-radius: 4px;
  border: 1px solid #c0c0cf;
  position: relative;
  z-index: 0;
  display: flex;
  justify-content: center;
  align-items: center;
  flex: 0 0 2rem;
}

.c7[data-state='checked'],
.c7[data-state='indeterminate'] {
  border: 1px solid #4945ff;
  background-color: #4945ff;
}

.c7[data-disabled] {
  background-color: #dcdce4;
}

.c7::before {
  content: '';
  position: absolute;
  top: 50%;
  left: 50%;
  transform: translate(-50%, -50%);
  width: 100%;
  height: 100%;
  z-index: -1;
  min-width: 44px;
  min-height: 44px;
}

.c8 {
  width: 100%;
  height: 100%;
  cursor: pointer;
}

.c21 {
  word-break: break-all;
}

.c4 {
  border-bottom: 1px solid #eaeaef;
}

.c26 {
  text-transform: uppercase;
}

.c11 {
  opacity: 0;
}

.c11:focus-within {
  opacity: 1;
}

.c1 {
  cursor: pointer;
}

.c1:hover .c10 {
  opacity: 1;
}

.c16 {
  border-radius: 4px 4px 0 0;
  background: linear-gradient(     180deg,     #ffffff 0%,     #f6f6f9 121.48%   );
}

@media (prefers-reduced-motion: no-preference) {
  .c13 {
    transition: background-color 120ms cubic-bezier(0.25, 0.46, 0.45, 0.94),color 120ms cubic-bezier(0.25, 0.46, 0.45, 0.94),border-color 200ms cubic-bezier(0.25, 0.46, 0.45, 0.94);
  }
}

<div>
  <article
    aria-labelledby=":r0:-title"
    class="c0 c1"
    role="button"
    tabindex="-1"
  >
    <div
      class="c2 c3 c4"
    >
      <div>
        <div
          class="c5 c6"
        >
          <button
            aria-checked="false"
            aria-labelledby=":r0:-title"
            class="c7"
            data-state="unchecked"
            role="checkbox"
            type="button"
            value="on"
          >
            <span
              class="c8"
              data-state="unchecked"
              style="pointer-events: auto; display: inline-flex;"
            />
          </button>
        </div>
      </div>
      <div
        class="c5 c9 c10 c11"
      >
        <button
          aria-disabled="false"
          class="c12 c3 c13"
          data-state="closed"
        >
          <svg
            aria-hidden="true"
            fill="currentColor"
            focusable="false"
            height="16"
            viewBox="0 0 32 32"
            width="16"
            xmlns="http://www.w3.org/2000/svg"
          >
            <path
              d="m28.414 9.171-5.585-5.586a2 2 0 0 0-2.829 0L4.586 19A1.98 1.98 0 0 0 4 20.414V26a2 2 0 0 0 2 2h5.586A1.98 1.98 0 0 0 13 27.414L28.414 12a2 2 0 0 0 0-2.829M24 13.585 18.414 8l3-3L27 10.585z"
            />
          </svg>
          <span
            class="c14"
          >
            Edit
          </span>
        </button>
      </div>
      <div
        class="c15 c3 c16"
      >
        <div
          class="c17"
        >
          <svg
            aria-label="hello.png"
            fill="#8e8ea9"
            height="24"
            viewBox="0 0 32 32"
            width="24"
            xmlns="http://www.w3.org/2000/svg"
          >
            <path
              d="m26.708 10.293-7-7A1 1 0 0 0 19 3H7a2 2 0 0 0-2 2v22a2 2 0 0 0 2 2h18a2 2 0 0 0 2-2V11a1 1 0 0 0-.293-.707M19 11V5.5l5.5 5.5z"
            />
          </svg>
          <span
            class="c18"
          />
        </div>
      </div>
    </div>
    <div
      class="c19"
    >
      <div
        class="c20"
      >
        <div
          class="c21"
        >
          <div
            class="c22"
          >
            <h2
              class="c23"
            >
              <span
                class="c24"
                id=":r0:-title"
              >
                hello.png
              </span>
            </h2>
          </div>
          <div
            class="c25"
          >
            <span
              class="c26"
            >
              png
            </span>
          </div>
        </div>
        <div
          class="c27 c28"
        >
          <div
            class="c29"
          >
            <div
              class="c30 c31 c32 c33"
            >
              <span
                class="c34"
              >
                Doc
              </span>
            </div>
          </div>
        </div>
      </div>
    </div>
  </article>
  <span
    class="c14"
  >
    <p
      aria-live="polite"
      aria-relevant="all"
      id="live-region-log"
      role="log"
    />
    <p
      aria-live="polite"
      aria-relevant="all"
      id="live-region-status"
      role="status"
    />
    <p
      aria-live="assertive"
      aria-relevant="all"
      id="live-region-alert"
      role="alert"
    />
  </span>
</div>
`;
