// Jest Snapshot v1, https://goo.gl/fbAQLP

exports[`ImageAssetCard snapshots the component 1`] = `
.c0 {
  height: 100%;
  background: #ffffff;
  border-radius: 4px;
  border-style: solid;
  border-width: 1px;
  border-color: #eaeaef;
  box-shadow: 0px 1px 4px rgba(33, 33, 52, 0.1);
}

.c2 {
  position: relative;
}

.c9 {
  border-radius: 4px;
  display: inline-flex;
  cursor: pointer;
}

.c14 {
  padding-block-start: 8px;
  padding-block-end: 8px;
  padding-inline-start: 12px;
  padding-inline-end: 12px;
}

.c17 {
  padding-block-start: 4px;
}

.c22 {
  padding-block-start: 4px;
  flex-grow: 1;
}

.c25 {
  padding-inline-start: 8px;
  padding-inline-end: 8px;
  min-width: 20px;
  background: #eaeaef;
}

.c3 {
  align-items: center;
  justify-content: center;
  flex-direction: row;
  display: flex;
}

.c5 {
  gap: 8px;
  align-items: center;
  flex-direction: row;
  display: flex;
}

.c15 {
  align-items: flex-start;
  flex-direction: row;
  display: flex;
}

.c23 {
  align-items: center;
  flex-direction: row;
  display: flex;
}

.c26 {
  align-items: center;
  justify-content: center;
  flex-direction: row;
  display: inline-flex;
}

.c18 {
  font-size: 1.4rem;
  line-height: 1.43;
  color: currentcolor;
}

.c19 {
  font-size: 1.2rem;
  line-height: 1.33;
  color: #32324d;
  font-weight: 600;
}

.c20 {
  font-size: 1.2rem;
  line-height: 1.33;
  color: #666687;
}

.c29 {
  font-weight: 600;
  font-size: 1.1rem;
  line-height: 1.45;
  text-transform: uppercase;
  color: #666687;
  line-height: 1rem;
}

.c11 {
  border: 0;
  clip: rect(0 0 0 0);
  height: 1px;
  margin: -1px;
  overflow: hidden;
  padding: 0;
  position: absolute;
  width: 1px;
}

.c27 {
  border-radius: 4px;
  padding-block: 0.7rem;
}

.c10 {
  text-decoration: none;
  padding-block: 0.7rem;
  padding-inline: 0.7rem;
  border: 1px solid #dcdce4;
  background: #ffffff;
  color: #32324d;
  color: #8e8ea9;
}

.c10:hover {
  background-color: #f6f6f9;
  color: #666687;
}

.c10:active {
  background-color: #eaeaef;
}

.c10[aria-disabled='true'] {
  border: 1px solid #dcdce4;
  background: #eaeaef;
  color: #666687;
  cursor: default;
}

.c6 {
  position: absolute;
  top: 12px;
  right: 12px;
}

.c13 {
  margin: 0;
  padding: 0;
  max-height: 100%;
  max-width: 100%;
  object-fit: contain;
}

.c12 {
  display: flex;
  justify-content: center;
  height: 16.4rem;
  width: 100%;
  background: repeating-conic-gradient(#f6f6f9 0% 25%, transparent 0% 50%) 50%/20px 20px;
  border-top-left-radius: 4px;
  border-top-right-radius: 4px;
}

.c24 {
  margin-left: auto;
  flex-shrink: 0;
}

.c28 {
  margin-left: 4px;
}

.c16 {
  word-break: break-all;
}

.c4 {
  border-bottom: 1px solid #eaeaef;
}

.c21 {
  text-transform: uppercase;
}

.c8 {
  opacity: 0;
}

.c8:focus-within {
  opacity: 1;
}

.c1 {
  cursor: pointer;
}

.c1:hover .c7 {
  opacity: 1;
}

@media (prefers-reduced-motion: no-preference) {
  .c10 {
    transition: background-color 120ms cubic-bezier(0.25, 0.46, 0.45, 0.94),color 120ms cubic-bezier(0.25, 0.46, 0.45, 0.94),border-color 200ms cubic-bezier(0.25, 0.46, 0.45, 0.94);
  }
}

<div>
  <article
    aria-labelledby=":r0:-title"
    class="c0 c1"
    role="button"
    tabindex="-1"
  >
    <div
      class="c2 c3 c4"
    >
      <div
        class="c5 c6 c7 c8"
      >
        <button
          aria-disabled="false"
          class="c9 c3 c10"
          data-state="closed"
        >
          <svg
            aria-hidden="true"
            fill="currentColor"
            focusable="false"
            height="16"
            viewBox="0 0 32 32"
            width="16"
            xmlns="http://www.w3.org/2000/svg"
          >
            <path
              d="m28.414 9.171-5.585-5.586a2 2 0 0 0-2.829 0L4.586 19A1.98 1.98 0 0 0 4 20.414V26a2 2 0 0 0 2 2h5.586A1.98 1.98 0 0 0 13 27.414L28.414 12a2 2 0 0 0 0-2.829M24 13.585 18.414 8l3-3L27 10.585z"
            />
          </svg>
          <span
            class="c11"
          >
            Edit
          </span>
        </button>
      </div>
      <div
        class="c12"
      >
        <img
          alt=""
          aria-hidden="true"
          class="c13"
          src="http://somewhere.com/hello.png"
        />
      </div>
    </div>
    <div
      class="c14"
    >
      <div
        class="c15"
      >
        <div
          class="c16"
        >
          <div
            class="c17"
          >
            <h2
              class="c18"
            >
              <span
                class="c19"
                id=":r0:-title"
              >
                hello.png
              </span>
            </h2>
          </div>
          <div
            class="c20"
          >
            <span
              class="c21"
            >
              png
            </span>
             - 40âœ•40
          </div>
        </div>
        <div
          class="c22 c23"
        >
          <div
            class="c24"
          >
            <div
              class="c25 c26 c27 c28"
            >
              <span
                class="c29"
              >
                Image
              </span>
            </div>
          </div>
        </div>
      </div>
    </div>
  </article>
  <span
    class="c11"
  >
    <p
      aria-live="polite"
      aria-relevant="all"
      id="live-region-log"
      role="log"
    />
    <p
      aria-live="polite"
      aria-relevant="all"
      id="live-region-status"
      role="status"
    />
    <p
      aria-live="assertive"
      aria-relevant="all"
      id="live-region-alert"
      role="alert"
    />
  </span>
</div>
`;
