// Jest Snapshot v1, https://goo.gl/fbAQLP

exports[`BulkMoveButton renders 1`] = `
.c0 {
  padding-inline-start: 16px;
  padding-inline-end: 16px;
  border-radius: 4px;
  cursor: pointer;
}

.c1 {
  gap: 8px;
  align-items: center;
  justify-content: center;
  flex-direction: row;
  display: inline-flex;
}

.c3 {
  align-items: center;
  flex-direction: row;
  display: flex;
}

.c4 {
  font-size: 1.2rem;
  line-height: 1.33;
  color: currentcolor;
  font-weight: 600;
}

.c5 {
  border: 0;
  clip: rect(0 0 0 0);
  height: 1px;
  margin: -1px;
  overflow: hidden;
  padding: 0;
  position: absolute;
  width: 1px;
}

.c2 {
  height: 3.2rem;
  text-decoration: none;
  border: 1px solid #d9d8ff;
  background: #f0f0ff;
  color: #271fe0;
}

.c2:hover {
  background-color: #ffffff;
}

.c2:active {
  background-color: #ffffff;
  border: 1px solid #4945ff;
  color: #4945ff;
}

.c2[aria-disabled='true'] {
  border: 1px solid #dcdce4;
  background: #eaeaef;
  color: #666687;
  cursor: default;
}

@media (prefers-reduced-motion: no-preference) {
  .c2 {
    transition: background-color 120ms cubic-bezier(0.25, 0.46, 0.45, 0.94),color 120ms cubic-bezier(0.25, 0.46, 0.45, 0.94),border-color 200ms cubic-bezier(0.25, 0.46, 0.45, 0.94);
  }
}

<div>
  <button
    aria-controls="radix-:r0:"
    aria-disabled="false"
    aria-expanded="false"
    aria-haspopup="dialog"
    class="c0 c1 c2"
    data-state="closed"
    type="button"
  >
    <span
      aria-hidden="true"
      class="c3"
    >
      <svg
        fill="currentColor"
        height="16"
        viewBox="0 0 32 32"
        width="16"
        xmlns="http://www.w3.org/2000/svg"
      >
        <path
          d="M27 9H16.414L13 5.586A1.98 1.98 0 0 0 11.586 5H5a2 2 0 0 0-2 2v18.078A1.926 1.926 0 0 0 4.924 27H27.11A1.89 1.89 0 0 0 29 25.111V11a2 2 0 0 0-2-2M5 7h6.586l2 2H5z"
        />
      </svg>
    </span>
    <span
      class="c4"
    >
      Move
    </span>
  </button>
  <span
    class="c5"
  >
    <p
      aria-live="polite"
      aria-relevant="all"
      id="live-region-log"
      role="log"
    />
    <p
      aria-live="polite"
      aria-relevant="all"
      id="live-region-status"
      role="status"
    />
    <p
      aria-live="assertive"
      aria-relevant="all"
      id="live-region-alert"
      role="alert"
    />
  </span>
</div>
`;
