// Jest Snapshot v1, https://goo.gl/fbAQLP

exports[`MediaLibrary / AssetList snapshots the asset list 1`] = `
.c1 {
  height: 100%;
}

.c4 {
  height: 100%;
  background: #ffffff;
  border-radius: 4px;
  border-style: solid;
  border-width: 1px;
  border-color: #eaeaef;
  box-shadow: 0px 1px 4px rgba(33, 33, 52, 0.1);
}

.c6 {
  position: relative;
}

.c15 {
  padding-block-start: 8px;
  padding-block-end: 8px;
  padding-inline-start: 12px;
  padding-inline-end: 12px;
}

.c18 {
  padding-block-start: 4px;
}

.c23 {
  padding-block-start: 4px;
  flex-grow: 1;
}

.c26 {
  padding-inline-start: 8px;
  padding-inline-end: 8px;
  min-width: 20px;
  background: #eaeaef;
}

.c33 {
  padding-block-start: 4px;
  padding-inline-end: 4px;
  padding-block-end: 4px;
  padding-inline-start: 4px;
  bottom: 4px;
  right: 4px;
  color: #ffffff;
  background: #32324d;
  border-radius: 4px;
  position: absolute;
}

.c35 {
  width: 100%;
  height: 16.4rem;
}

.c2 {
  align-items: stretch;
  flex-direction: column;
  display: flex;
}

.c7 {
  align-items: center;
  justify-content: center;
  flex-direction: row;
  display: flex;
}

.c9 {
  gap: 8px;
  align-items: center;
  flex-direction: row;
  display: flex;
}

.c16 {
  align-items: flex-start;
  flex-direction: row;
  display: flex;
}

.c24 {
  align-items: center;
  flex-direction: row;
  display: flex;
}

.c27 {
  align-items: center;
  justify-content: center;
  flex-direction: row;
  display: inline-flex;
}

.c37 {
  gap: 8px;
  align-items: center;
  flex-direction: column;
  display: flex;
}

.c19 {
  font-size: 1.4rem;
  line-height: 1.43;
  color: currentcolor;
}

.c20 {
  font-size: 1.2rem;
  line-height: 1.33;
  color: #32324d;
  font-weight: 600;
}

.c21 {
  font-size: 1.2rem;
  line-height: 1.33;
  color: #666687;
}

.c30 {
  font-weight: 600;
  font-size: 1.1rem;
  line-height: 1.45;
  text-transform: uppercase;
  color: #666687;
  line-height: 1rem;
}

.c34 {
  font-size: 1.2rem;
  line-height: 1.33;
  color: #ffffff;
}

.c38 {
  font-size: 1.2rem;
  line-height: 1.33;
  color: #8e8ea9;
}

.c32 {
  border: 0;
  clip: rect(0 0 0 0);
  height: 1px;
  margin: -1px;
  overflow: hidden;
  padding: 0;
  position: absolute;
  width: 1px;
}

.c28 {
  border-radius: 4px;
  padding-block: 0.7rem;
}

.c10 {
  position: absolute;
  top: 12px;
  left: 12px;
}

.c14 {
  margin: 0;
  padding: 0;
  max-height: 100%;
  max-width: 100%;
  object-fit: contain;
}

.c13 {
  display: flex;
  justify-content: center;
  height: 16.4rem;
  width: 100%;
  background: repeating-conic-gradient(#f6f6f9 0% 25%, transparent 0% 50%) 50%/20px 20px;
  border-top-left-radius: 4px;
  border-top-right-radius: 4px;
}

.c25 {
  margin-left: auto;
  flex-shrink: 0;
}

.c29 {
  margin-left: 4px;
}

.c11 {
  background: #ffffff;
  width: 2rem;
  height: 2rem;
  border-radius: 4px;
  border: 1px solid #c0c0cf;
  position: relative;
  z-index: 0;
  display: flex;
  justify-content: center;
  align-items: center;
  flex: 0 0 2rem;
}

.c11[data-state='checked'],
.c11[data-state='indeterminate'] {
  border: 1px solid #4945ff;
  background-color: #4945ff;
}

.c11[data-disabled] {
  background-color: #dcdce4;
}

.c11::before {
  content: '';
  position: absolute;
  top: 50%;
  left: 50%;
  transform: translate(-50%, -50%);
  width: 100%;
  height: 100%;
  z-index: -1;
  min-width: 44px;
  min-height: 44px;
}

.c12 {
  width: 100%;
  height: 100%;
  cursor: pointer;
}

.c17 {
  word-break: break-all;
}

.c8 {
  border-bottom: 1px solid #eaeaef;
}

.c0 {
  display: grid;
  grid-template-columns: repeat(12, 1fr);
  gap: 16px;
}

.c3 {
  grid-column: span 12;
  max-width: 100%;
}

.c22 {
  text-transform: uppercase;
}

.c5 {
  cursor: pointer;
}

.c36 {
  border-radius: 4px 4px 0 0;
  background: linear-gradient(     180deg,     #ffffff 0%,     #f6f6f9 121.48%   );
}

.c31 canvas,
.c31 video {
  display: block;
  pointer-events: none;
  max-width: 100%;
  max-height: 16.4rem;
}

@media (min-width: 520px) {
  .c3 {
    grid-column: span 12;
  }
}

@media (min-width: 768px) {
  .c3 {
    grid-column: span 12;
  }
}

@media (min-width: 1080px) {
  .c3 {
    grid-column: span 3;
  }
}

<div>
  <div
    class=""
  >
    <div
      class="c0"
    >
      <div
        class="c1 c2 c3"
      >
        <article
          aria-labelledby=":r0:-title"
          class="c4 c5"
          role="button"
          tabindex="-1"
        >
          <div
            class="c6 c7 c8"
          >
            <div>
              <div
                class="c9 c10"
              >
                <button
                  aria-checked="false"
                  aria-labelledby=":r0:-title"
                  class="c11"
                  data-state="unchecked"
                  role="checkbox"
                  type="button"
                  value="on"
                >
                  <span
                    class="c12"
                    data-state="unchecked"
                    style="pointer-events: auto; display: inline-flex;"
                  />
                </button>
              </div>
            </div>
            <div
              class="c13"
            >
              <img
                alt="strapi-cover_1fabc982ce.png"
                aria-hidden="true"
                class="c14"
                src="http://localhost:1337/uploads/thumbnail_strapi_cover_1fabc982ce_5b43615ed5.png?updatedAt=2021-09-14T07%3A32%3A50.816Z"
              />
            </div>
          </div>
          <div
            class="c15"
          >
            <div
              class="c16"
            >
              <div
                class="c17"
              >
                <div
                  class="c18"
                >
                  <h2
                    class="c19"
                  >
                    <span
                      class="c20"
                      id=":r0:-title"
                    >
                      strapi-cover_1fabc982ce.png
                    </span>
                  </h2>
                </div>
                <div
                  class="c21"
                >
                  <span
                    class="c22"
                  >
                    png
                  </span>
                   - 1066âœ•551
                </div>
              </div>
              <div
                class="c23 c24"
              >
                <div
                  class="c25"
                >
                  <div
                    class="c26 c27 c28 c29"
                  >
                    <span
                      class="c30"
                    >
                      Image
                    </span>
                  </div>
                </div>
              </div>
            </div>
          </div>
        </article>
      </div>
      <div
        class="c1 c2 c3"
      >
        <article
          aria-labelledby=":r2:-title"
          class="c4 c5"
          role="button"
          tabindex="-1"
        >
          <div
            class="c6 c7 c8"
          >
            <div>
              <div
                class="c9 c10"
              >
                <button
                  aria-checked="false"
                  aria-labelledby=":r2:-title"
                  class="c11"
                  data-state="unchecked"
                  role="checkbox"
                  type="button"
                  value="on"
                >
                  <span
                    class="c12"
                    data-state="unchecked"
                    style="pointer-events: auto; display: inline-flex;"
                  />
                </button>
              </div>
            </div>
            <div
              class="c13"
            >
              <div
                class="c31"
              >
                <figure
                  class=""
                >
                  <video
                    crossorigin="anonymous"
                    src="http://localhost:1337/uploads/mov_bbb_2f3907f7aa.mp4"
                  >
                    <source
                      type="video/mp4"
                    />
                  </video>
                  <figcaption
                    class="c32"
                  >
                    mov_bbb.mp4
                  </figcaption>
                </figure>
              </div>
            </div>
            <time
              class="c33"
            >
              <span
                class="c34"
              >
                ...
              </span>
            </time>
          </div>
          <div
            class="c15"
          >
            <div
              class="c16"
            >
              <div
                class="c17"
              >
                <div
                  class="c18"
                >
                  <h2
                    class="c19"
                  >
                    <span
                      class="c20"
                      id=":r2:-title"
                    >
                      mov_bbb.mp4
                    </span>
                  </h2>
                </div>
                <div
                  class="c21"
                >
                  <span
                    class="c22"
                  >
                    mp4
                  </span>
                </div>
              </div>
              <div
                class="c23 c24"
              >
                <div
                  class="c25"
                >
                  <div
                    class="c26 c27 c28 c29"
                  >
                    <span
                      class="c30"
                    >
                      Video
                    </span>
                  </div>
                </div>
              </div>
            </div>
          </div>
        </article>
      </div>
      <div
        class="c1 c2 c3"
      >
        <article
          aria-labelledby=":r4:-title"
          class="c4 c5"
          role="button"
          tabindex="-1"
        >
          <div
            class="c6 c7 c8"
          >
            <div>
              <div
                class="c9 c10"
              >
                <button
                  aria-checked="false"
                  aria-labelledby=":r4:-title"
                  class="c11"
                  data-state="unchecked"
                  role="checkbox"
                  type="button"
                  value="on"
                >
                  <span
                    class="c12"
                    data-state="unchecked"
                    style="pointer-events: auto; display: inline-flex;"
                  />
                </button>
              </div>
            </div>
            <div
              class="c35 c7 c36"
            >
              <div
                class="c37"
              >
                <svg
                  aria-label="CARTE MARIAGE AVS - Printemps.pdf"
                  fill="#8e8ea9"
                  height="24"
                  viewBox="0 0 32 32"
                  width="24"
                  xmlns="http://www.w3.org/2000/svg"
                >
                  <path
                    d="M6 15h20a1 1 0 0 0 1-1v-3a1 1 0 0 0-.293-.707l-7-7A1 1 0 0 0 19 3H7a2 2 0 0 0-2 2v9a1 1 0 0 0 1 1m13-9.5 5.5 5.5H19zM28 19a1 1 0 0 1-1 1h-3v2h2a1 1 0 0 1 0 2h-2v2a1 1 0 0 1-2 0v-7a1 1 0 0 1 1-1h4a1 1 0 0 1 1 1M8 18H6a1 1 0 0 0-1 1v7a1 1 0 1 0 2 0v-1h1a3.5 3.5 0 1 0 0-7m0 5H7v-3h1a1.5 1.5 0 1 1 0 3m8-5h-2a1 1 0 0 0-1 1v7a1 1 0 0 0 1 1h2a4.5 4.5 0 1 0 0-9m0 7h-1v-5h1a2.5 2.5 0 0 1 0 5"
                  />
                </svg>
                <span
                  class="c38"
                />
              </div>
            </div>
          </div>
          <div
            class="c15"
          >
            <div
              class="c16"
            >
              <div
                class="c17"
              >
                <div
                  class="c18"
                >
                  <h2
                    class="c19"
                  >
                    <span
                      class="c20"
                      id=":r4:-title"
                    >
                      CARTE MARIAGE AVS - Printemps.pdf
                    </span>
                  </h2>
                </div>
                <div
                  class="c21"
                >
                  <span
                    class="c22"
                  >
                    pdf
                  </span>
                </div>
              </div>
              <div
                class="c23 c24"
              >
                <div
                  class="c25"
                >
                  <div
                    class="c26 c27 c28 c29"
                  >
                    <span
                      class="c30"
                    >
                      Doc
                    </span>
                  </div>
                </div>
              </div>
            </div>
          </div>
        </article>
      </div>
    </div>
  </div>
  <span
    class="c32"
  >
    <p
      aria-live="polite"
      aria-relevant="all"
      id="live-region-log"
      role="log"
    />
    <p
      aria-live="polite"
      aria-relevant="all"
      id="live-region-status"
      role="status"
    />
    <p
      aria-live="assertive"
      aria-relevant="all"
      id="live-region-alert"
      role="alert"
    />
  </span>
</div>
`;
