// Jest Snapshot v1, https://goo.gl/fbAQLP

exports[`Upload - Configure initial render renders and matches the snapshot 1`] = `
.c1 {
  padding-block-end: 56px;
}

.c4 {
  padding-block-start: 24px;
  padding-block-end: 40px;
  padding-inline-start: 56px;
  padding-inline-end: 56px;
  background: #f6f6f9;
}

.c5 {
  padding-block-end: 8px;
}

.c6 {
  cursor: pointer;
}

.c11 {
  min-width: 0;
}

.c14 {
  padding-inline-start: 16px;
  padding-inline-end: 16px;
  border-radius: 4px;
  cursor: pointer;
}

.c19 {
  padding-inline-start: 56px;
  padding-inline-end: 56px;
}

.c20 {
  padding-block-start: 24px;
  padding-block-end: 24px;
  padding-inline-start: 32px;
  padding-inline-end: 32px;
  background: #ffffff;
  border-radius: 4px;
  box-shadow: 0px 1px 4px rgba(33, 33, 52, 0.1);
}

.c27 {
  background: #ffffff;
  border-radius: 4px;
  cursor: default;
  position: relative;
  overflow: hidden;
}

.c30 {
  flex: 1;
}

.c10 {
  align-items: center;
  justify-content: space-between;
  flex-direction: row;
  display: flex;
}

.c12 {
  align-items: center;
  flex-direction: row;
  display: flex;
}

.c15 {
  gap: 8px;
  align-items: center;
  justify-content: center;
  flex-direction: row;
  display: inline-flex;
}

.c22 {
  align-items: stretch;
  flex-direction: column;
  display: flex;
}

.c24 {
  gap: 4px;
  align-items: stretch;
  flex-direction: column;
  display: flex;
}

.c28 {
  gap: 16px;
  align-items: center;
  justify-content: space-between;
  flex-direction: row;
  display: flex;
}

.c31 {
  gap: 12px;
  align-items: center;
  flex-direction: row;
  display: flex;
}

.c9 {
  font-size: 1.4rem;
  line-height: 1.43;
  color: #4945ff;
}

.c13 {
  font-weight: 600;
  font-size: 3.2rem;
  line-height: 1.25;
  color: currentcolor;
}

.c17 {
  font-size: 1.2rem;
  line-height: 1.33;
  color: currentcolor;
  font-weight: 600;
}

.c18 {
  font-size: 1.6rem;
  line-height: 1.5;
  color: #666687;
}

.c25 {
  font-size: 1.2rem;
  line-height: 1.33;
  display: block;
  white-space: nowrap;
  overflow: hidden;
  text-overflow: ellipsis;
  color: #32324d;
  font-weight: 600;
}

.c32 {
  font-size: 1.4rem;
  line-height: 1.43;
  display: block;
  white-space: nowrap;
  overflow: hidden;
  text-overflow: ellipsis;
  color: #32324d;
}

.c36 {
  font-size: 1.2rem;
  line-height: 1.33;
  color: #666687;
}

.c37 {
  border: 0;
  clip: rect(0 0 0 0);
  height: 1px;
  margin: -1px;
  overflow: hidden;
  padding: 0;
  position: absolute;
  width: 1px;
}

.c7 {
  text-decoration: none;
}

.c7:visited {
  color: inherit;
}

.c16 {
  height: 3.2rem;
  text-decoration: none;
  border: 1px solid #4945ff;
  background: #4945ff;
  color: #ffffff;
}

.c16:hover {
  border: 1px solid #7b79ff;
  background: #7b79ff;
}

.c16:active {
  border: 1px solid #4945ff;
  background: #4945ff;
}

.c16[aria-disabled='true'] {
  border: 1px solid #dcdce4;
  background: #eaeaef;
  color: #666687;
  cursor: default;
}

.c8 {
  display: inline-flex;
  align-items: center;
  text-decoration: none;
  gap: 8px;
  position: relative;
  outline: none;
}

.c8 svg {
  font-size: 1rem;
}

.c8 svg path {
  fill: #4945ff;
}

.c8:hover>span {
  color: #7b79ff;
}

.c8:hover svg path {
  fill: #7b79ff;
}

.c8:active {
  color: #271fe0;
}

.c8:after {
  transition-property: all;
  transition-duration: 0.2s;
  border-radius: 8px;
  content: '';
  position: absolute;
  top: -4px;
  bottom: -4px;
  left: -4px;
  right: -4px;
  border: 2px solid transparent;
}

.c8:focus-visible {
  outline: none;
}

.c8:focus-visible:after {
  border-radius: 8px;
  content: '';
  position: absolute;
  top: -5px;
  bottom: -5px;
  left: -5px;
  right: -5px;
  border: 2px solid #4945ff;
}

.c26 {
  display: flex;
}

.c29 {
  border: 1px solid #dcdce4;
  padding-block: 8px;
  padding-inline-start: 16px;
  padding-inline-end: 12px;
  cursor: pointer;
  outline: none;
  box-shadow: none;
  transition-property: border-color,box-shadow,fill;
  transition-duration: 0.2s;
}

.c29[aria-disabled='true'] {
  color: #8e8ea9;
}

.c29:focus-visible {
  outline: none;
}

.c29:focus-within {
  border: 1px solid #4945ff;
  box-shadow: #4945ff 0px 0px 0px 2px;
}

.c35 {
  display: flex;
}

.c35>svg {
  fill: #8e8ea9;
}

.c33 {
  flex: 1;
  font-size: 1.4rem;
  line-height: 2.2rem;
}

.c34 {
  display: flex;
  gap: 4px;
  flex-wrap: wrap;
}

.c3:focus-visible {
  outline: none;
}

.c21 {
  display: grid;
  grid-template-columns: repeat(12, 1fr);
  gap: 16px;
}

.c23 {
  grid-column: span 12;
  max-width: 100%;
}

.c0 {
  display: grid;
  grid-template-columns: 1fr;
}

.c2 {
  overflow-x: hidden;
}

@media (prefers-reduced-motion: no-preference) {
  .c16 {
    transition: background-color 120ms cubic-bezier(0.25, 0.46, 0.45, 0.94),color 120ms cubic-bezier(0.25, 0.46, 0.45, 0.94),border-color 200ms cubic-bezier(0.25, 0.46, 0.45, 0.94);
  }
}

@media (prefers-reduced-motion: no-preference) {

}

@media (min-width: 520px) {
  .c23 {
    grid-column: span 12;
  }
}

@media (min-width: 768px) {
  .c23 {
    grid-column: span 12;
  }
}

@media (min-width: 1080px) {
  .c23 {
    grid-column: span 6;
  }
}

<div>
  <div
    class="c0"
  >
    <div
      class="c1 c2"
    >
      <main
        aria-labelledby="main-content-title"
        class="c3"
        id="main-content"
        tabindex="-1"
      >
        <form>
          <div
            style="height: 0px;"
          >
            <div
              class="c4"
              data-strapi-header="true"
            >
              <div
                class="c5"
              >
                <a
                  aria-disabled="false"
                  class="c6 c7 c8"
                  href="/plugins/upload"
                  id="go-back"
                >
                  <svg
                    fill="currentColor"
                    height="16"
                    viewBox="0 0 32 32"
                    width="16"
                    xmlns="http://www.w3.org/2000/svg"
                  >
                    <path
                      d="M28.5 16a1.5 1.5 0 0 1-1.5 1.5H8.625l6.44 6.439a1.502 1.502 0 1 1-2.125 2.125l-9-9a1.5 1.5 0 0 1 0-2.125l9-9a1.503 1.503 0 0 1 2.125 2.125L8.625 14.5H27a1.5 1.5 0 0 1 1.5 1.5"
                    />
                  </svg>
                  <span
                    class="c9"
                  >
                    Back
                  </span>
                </a>
              </div>
              <div
                class="c10"
              >
                <div
                  class="c11 c12"
                >
                  <h1
                    class="c13"
                  >
                    Configure the view - Media Library
                  </h1>
                </div>
                <button
                  aria-disabled="true"
                  class="c14 c15 c16"
                  disabled=""
                  type="submit"
                >
                  <span
                    aria-hidden="true"
                    class="c12"
                  >
                    <svg
                      fill="currentColor"
                      height="16"
                      viewBox="0 0 32 32"
                      width="16"
                      xmlns="http://www.w3.org/2000/svg"
                    >
                      <path
                        d="m29.061 10.061-16 16a1.5 1.5 0 0 1-2.125 0l-7-7a1.504 1.504 0 0 1 2.125-2.125L12 22.875 26.939 7.939a1.502 1.502 0 1 1 2.125 2.125z"
                      />
                    </svg>
                  </span>
                  <span
                    class="c17"
                  >
                    Save
                  </span>
                </button>
              </div>
              <p
                class="c18"
              >
                Define the view settings of the media library.
              </p>
            </div>
          </div>
          <div
            class="c19"
          >
            <div
              class="c20"
            >
              <div
                class="c21"
              >
                <div
                  class="c22 c23"
                >
                  <div
                    class="c24"
                  >
                    <label
                      class="c25 c26"
                      for=":r0:"
                      id=":r0:-label"
                    >
                      Entries per page
                    </label>
                    <div
                      aria-autocomplete="none"
                      aria-controls="radix-:r2:"
                      aria-describedby=":r0:-hint"
                      aria-expanded="false"
                      aria-labelledby=":r0:-label"
                      aria-required="false"
                      class="c27 c28 c29"
                      data-state="closed"
                      dir="ltr"
                      name="pageSize"
                      role="combobox"
                      tabindex="0"
                    >
                      <span
                        class="c30 c31"
                      >
                        <span
                          class="c32 c33"
                        >
                          <span
                            class="c34"
                          >
                            10
                          </span>
                        </span>
                      </span>
                      <span
                        class="c31"
                      >
                        <span
                          aria-hidden="true"
                          class="c35"
                        >
                          <svg
                            fill="currentColor"
                            height="16"
                            viewBox="0 0 32 32"
                            width="16"
                            xmlns="http://www.w3.org/2000/svg"
                          >
                            <path
                              d="m26.708 12.708-10 10a1 1 0 0 1-1.415 0l-10-10A1 1 0 0 1 6 11h20a1 1 0 0 1 .707 1.707"
                            />
                          </svg>
                        </span>
                      </span>
                    </div>
                    <p
                      class="c36"
                      id=":r0:-hint"
                    >
                      Number of assets displayed by default in the Media Library
                    </p>
                  </div>
                </div>
                <div
                  class="c22 c23"
                >
                  <div
                    class="c24"
                  >
                    <label
                      class="c25 c26"
                      for=":r3:"
                      id=":r3:-label"
                    >
                      Default sort order
                    </label>
                    <div
                      aria-autocomplete="none"
                      aria-controls="radix-:r5:"
                      aria-describedby=":r3:-hint"
                      aria-expanded="false"
                      aria-labelledby=":r3:-label"
                      aria-required="false"
                      class="c27 c28 c29"
                      data-state="closed"
                      dir="ltr"
                      name="sort"
                      role="combobox"
                      tabindex="0"
                    >
                      <span
                        class="c30 c31"
                      >
                        <span
                          class="c32 c33"
                        >
                          <span
                            class="c34"
                          >
                            createdAt:DESC
                          </span>
                        </span>
                      </span>
                      <span
                        class="c31"
                      >
                        <span
                          aria-hidden="true"
                          class="c35"
                        >
                          <svg
                            fill="currentColor"
                            height="16"
                            viewBox="0 0 32 32"
                            width="16"
                            xmlns="http://www.w3.org/2000/svg"
                          >
                            <path
                              d="m26.708 12.708-10 10a1 1 0 0 1-1.415 0l-10-10A1 1 0 0 1 6 11h20a1 1 0 0 1 .707 1.707"
                            />
                          </svg>
                        </span>
                      </span>
                    </div>
                    <p
                      class="c36"
                      id=":r3:-hint"
                    >
                      Note: You can override this value in the media library.
                    </p>
                  </div>
                </div>
              </div>
            </div>
          </div>
          x
        </form>
      </main>
    </div>
  </div>
  <span
    class="c37"
  >
    <p
      aria-live="polite"
      aria-relevant="all"
      id="live-region-log"
      role="log"
    />
    <p
      aria-live="polite"
      aria-relevant="all"
      id="live-region-status"
      role="status"
    />
    <p
      aria-live="assertive"
      aria-relevant="all"
      id="live-region-alert"
      role="alert"
    />
  </span>
</div>
`;
