// Jest Snapshot v1, https://goo.gl/fbAQLP

exports[`Upload - Configure | Settings initial render renders and matches the snapshot 1`] = `
.c0 {
  padding-block-start: 24px;
  padding-block-end: 24px;
  padding-inline-start: 32px;
  padding-inline-end: 32px;
  background: #ffffff;
  border-radius: 4px;
  box-shadow: 0px 1px 4px rgba(33, 33, 52, 0.1);
}

.c7 {
  background: #ffffff;
  border-radius: 4px;
  cursor: default;
  position: relative;
  overflow: hidden;
}

.c10 {
  flex: 1;
}

.c2 {
  align-items: stretch;
  flex-direction: column;
  display: flex;
}

.c4 {
  gap: 4px;
  align-items: stretch;
  flex-direction: column;
  display: flex;
}

.c8 {
  gap: 16px;
  align-items: center;
  justify-content: space-between;
  flex-direction: row;
  display: flex;
}

.c11 {
  gap: 12px;
  align-items: center;
  flex-direction: row;
  display: flex;
}

.c5 {
  font-size: 1.2rem;
  line-height: 1.33;
  display: block;
  white-space: nowrap;
  overflow: hidden;
  text-overflow: ellipsis;
  color: #32324d;
  font-weight: 600;
}

.c12 {
  font-size: 1.4rem;
  line-height: 1.43;
  display: block;
  white-space: nowrap;
  overflow: hidden;
  text-overflow: ellipsis;
  color: #32324d;
}

.c16 {
  font-size: 1.2rem;
  line-height: 1.33;
  color: #666687;
}

.c17 {
  border: 0;
  clip: rect(0 0 0 0);
  height: 1px;
  margin: -1px;
  overflow: hidden;
  padding: 0;
  position: absolute;
  width: 1px;
}

.c6 {
  display: flex;
}

.c9 {
  border: 1px solid #dcdce4;
  padding-block: 8px;
  padding-inline-start: 16px;
  padding-inline-end: 12px;
  cursor: pointer;
  outline: none;
  box-shadow: none;
  transition-property: border-color,box-shadow,fill;
  transition-duration: 0.2s;
}

.c9[aria-disabled='true'] {
  color: #8e8ea9;
}

.c9:focus-visible {
  outline: none;
}

.c9:focus-within {
  border: 1px solid #4945ff;
  box-shadow: #4945ff 0px 0px 0px 2px;
}

.c15 {
  display: flex;
}

.c15>svg {
  fill: #8e8ea9;
}

.c13 {
  flex: 1;
  font-size: 1.4rem;
  line-height: 2.2rem;
  min-height: 2.2rem;
}

.c14 {
  display: flex;
  gap: 4px;
  flex-wrap: wrap;
}

.c1 {
  display: grid;
  grid-template-columns: repeat(12, 1fr);
  gap: 16px;
}

.c3 {
  grid-column: span 12;
  max-width: 100%;
}

@media (prefers-reduced-motion: no-preference) {

}

@media (min-width: 520px) {
  .c3 {
    grid-column: span 12;
  }
}

@media (min-width: 768px) {
  .c3 {
    grid-column: span 12;
  }
}

@media (min-width: 1080px) {
  .c3 {
    grid-column: span 6;
  }
}

<div>
  <div
    class="c0"
  >
    <div
      class="c1"
    >
      <div
        class="c2 c3"
      >
        <div
          class="c4"
        >
          <label
            class="c5 c6"
            for=":r0:"
            id=":r0:-label"
          >
            Entries per page
          </label>
          <div
            aria-autocomplete="none"
            aria-controls="radix-:r2:"
            aria-describedby=":r0:-hint"
            aria-expanded="false"
            aria-labelledby=":r0:-label"
            aria-required="false"
            class="c7 c8 c9"
            data-state="closed"
            dir="ltr"
            name="pageSize"
            role="combobox"
            tabindex="0"
          >
            <span
              class="c10 c11"
            >
              <span
                class="c12 c13"
              >
                <span
                  class="c14"
                >
                  10
                </span>
              </span>
            </span>
            <span
              class="c11"
            >
              <span
                aria-hidden="true"
                class="c15"
              >
                <svg
                  fill="currentColor"
                  height="16"
                  viewBox="0 0 32 32"
                  width="16"
                  xmlns="http://www.w3.org/2000/svg"
                >
                  <path
                    d="m26.708 12.708-10 10a1 1 0 0 1-1.415 0l-10-10A1 1 0 0 1 6 11h20a1 1 0 0 1 .707 1.707"
                  />
                </svg>
              </span>
            </span>
          </div>
          <p
            class="c16"
            id=":r0:-hint"
          >
            Number of assets displayed by default in the Media Library
          </p>
        </div>
      </div>
      <div
        class="c2 c3"
      >
        <div
          class="c4"
        >
          <label
            class="c5 c6"
            for=":r3:"
            id=":r3:-label"
          >
            Default sort order
          </label>
          <div
            aria-autocomplete="none"
            aria-controls="radix-:r5:"
            aria-describedby=":r3:-hint"
            aria-expanded="false"
            aria-labelledby=":r3:-label"
            aria-required="false"
            class="c7 c8 c9"
            data-state="closed"
            dir="ltr"
            name="sort"
            role="combobox"
            tabindex="0"
          >
            <span
              class="c10 c11"
            >
              <span
                class="c12 c13"
              >
                <span
                  class="c14"
                >
                  createdAt:DESC
                </span>
              </span>
            </span>
            <span
              class="c11"
            >
              <span
                aria-hidden="true"
                class="c15"
              >
                <svg
                  fill="currentColor"
                  height="16"
                  viewBox="0 0 32 32"
                  width="16"
                  xmlns="http://www.w3.org/2000/svg"
                >
                  <path
                    d="m26.708 12.708-10 10a1 1 0 0 1-1.415 0l-10-10A1 1 0 0 1 6 11h20a1 1 0 0 1 .707 1.707"
                  />
                </svg>
              </span>
            </span>
          </div>
          <p
            class="c16"
            id=":r3:-hint"
          >
            Note: You can override this value in the media library.
          </p>
        </div>
      </div>
    </div>
  </div>
  <span
    class="c17"
  >
    <p
      aria-live="polite"
      aria-relevant="all"
      id="live-region-log"
      role="log"
    />
    <p
      aria-live="polite"
      aria-relevant="all"
      id="live-region-status"
      role="status"
    />
    <p
      aria-live="assertive"
      aria-relevant="all"
      id="live-region-alert"
      role="alert"
    />
  </span>
</div>
`;
