// Jest Snapshot v1, https://goo.gl/fbAQLP

exports[`FolderGridList renders and match snapshots 1`] = `
.c0 {
  padding-block-end: 8px;
}

.c1 {
  font-weight: 500;
  font-size: 1.6rem;
  line-height: 1.25;
  color: currentcolor;
  font-weight: 500;
}

.c3 {
  border: 0;
  clip: rect(0 0 0 0);
  height: 1px;
  margin: -1px;
  overflow: hidden;
  padding: 0;
  position: absolute;
  width: 1px;
}

.c2 {
  display: grid;
  grid-template-columns: repeat(12, 1fr);
  gap: 16px;
}

<div>
  <div
    class=""
  >
    <div
      class="c0"
    >
      <h2
        class="c1"
      >
        Folder grid list title
      </h2>
    </div>
    <div
      class="c2"
    >
      Folder grid list children
    </div>
  </div>
  <span
    class="c3"
  >
    <p
      aria-live="polite"
      aria-relevant="all"
      id="live-region-log"
      role="log"
    />
    <p
      aria-live="polite"
      aria-relevant="all"
      id="live-region-status"
      role="status"
    />
    <p
      aria-live="assertive"
      aria-relevant="all"
      id="live-region-alert"
      role="alert"
    />
  </span>
</div>
`;
